---
source: src/ast.rs
expression: example_ast()
---
Ast(
    Operation(
        Plus,
        [
            Value(
                2,
                PhantomData,
            ),
            Operation(
                Times,
                [
                    Value(
                        3,
                        PhantomData,
                    ),
                    Variable(
                        X,
                    ),
                ],
            ),
        ],
    ),
)
