---
source: src/ast.rs
expression: example_ast()
---
{
  "Operation": [
    "Plus",
    [
      {
        "Value": [
          2
        ]
      },
      {
        "Operation": [
          "Times",
          [
            {
              "Value": [
                3
              ]
            },
            {
              "Variable": "X"
            }
          ]
        ]
      }
    ]
  ]
}
